// Jest Snapshot v1, https://goo.gl/fbAQLP

exports[`signup component tests renders correctly 1`] = `ShallowWrapper {}`;
